// Jest Snapshot v1, https://goo.gl/fbAQLP

exports[`test case for AddExpense 1`] = `undefined`;
