// Jest Snapshot v1, https://goo.gl/fbAQLP

exports[`Test case for Expense List Item 1`] = `
<div>
  <Link
    to="/edit/2"
  >
    <p>
      Rent
    </p>
  </Link>
  <p>
    10000
  </p>
  <p>
    -345600000
  </p>
</div>
`;
