// Jest Snapshot v1, https://goo.gl/fbAQLP

exports[`Should test for Header 1`] = `
<div>
  <h1>
    Expensify
  </h1>
  <NavLink
    activeClassName="is-active"
    to="/Dashboard"
  >
    Home
  </NavLink>
  <NavLink
    activeClassName="is-active"
    to="/expense"
  >
    AddExpense
  </NavLink>
</div>
`;
