// Jest Snapshot v1, https://goo.gl/fbAQLP

exports[`Test case for Not Found Page 1`] = `
<div>
  Error-404 not found!!!!!
  <Link
    to="/Dashboard"
  >
    Go Home
  </Link>
</div>
`;
